// Jest Snapshot v1, https://goo.gl/fbAQLP

exports[`#CalendarMonth should render correctly 1`] = `
<div
  className="undefined "
>
  <styled.div>
    <styled.div>
      <CalendarDay
        classes={Array []}
        colors={Object {}}
        isDisabled={false}
        isFocused={undefined}
        isFuture={false}
        isHidden={true}
        isHovered={false}
        isPast={false}
        isSelected={false}
        number={28}
        onHover={[MockFunction]}
        selectDate={[MockFunction]}
        value={2018-01-28T00:00:00.000Z}
      />
      <CalendarDay
        classes={Array []}
        colors={Object {}}
        isDisabled={false}
        isFocused={undefined}
        isFuture={false}
        isHidden={true}
        isHovered={false}
        isPast={false}
        isSelected={false}
        number={29}
        onHover={[MockFunction]}
        selectDate={[MockFunction]}
        value={2018-01-29T00:00:00.000Z}
      />
      <CalendarDay
        classes={Array []}
        colors={Object {}}
        isDisabled={false}
        isFocused={undefined}
        isFuture={false}
        isHidden={true}
        isHovered={false}
        isPast={false}
        isSelected={false}
        number={30}
        onHover={[MockFunction]}
        selectDate={[MockFunction]}
        value={2018-01-30T00:00:00.000Z}
      />
      <CalendarDay
        classes={Array []}
        colors={Object {}}
        isDisabled={false}
        isFocused={undefined}
        isFuture={false}
        isHidden={true}
        isHovered={false}
        isPast={false}
        isSelected={false}
        number={31}
        onHover={[MockFunction]}
        selectDate={[MockFunction]}
        value={2018-01-31T00:00:00.000Z}
      />
      <CalendarDay
        classes={Array []}
        colors={Object {}}
        isDisabled={false}
        isFocused={undefined}
        isFuture={false}
        isHidden={false}
        isHovered={false}
        isPast={false}
        isSelected={false}
        number={1}
        onHover={[MockFunction]}
        selectDate={[MockFunction]}
        value={2018-02-01T00:00:00.000Z}
      />
      <CalendarDay
        classes={Array []}
        colors={Object {}}
        isDisabled={false}
        isFocused={undefined}
        isFuture={false}
        isHidden={false}
        isHovered={false}
        isPast={false}
        isSelected={false}
        number={2}
        onHover={[MockFunction]}
        selectDate={[MockFunction]}
        value={2018-02-02T00:00:00.000Z}
      />
      <CalendarDay
        classes={Array []}
        colors={Object {}}
        isDisabled={false}
        isFocused={undefined}
        isFuture={false}
        isHidden={false}
        isHovered={false}
        isPast={false}
        isSelected={false}
        number={3}
        onHover={[MockFunction]}
        selectDate={[MockFunction]}
        value={2018-02-03T00:00:00.000Z}
      />
    </styled.div>
    <styled.div>
      <CalendarDay
        classes={Array []}
        colors={Object {}}
        isDisabled={false}
        isFocused={undefined}
        isFuture={false}
        isHidden={false}
        isHovered={false}
        isPast={false}
        isSelected={false}
        number={4}
        onHover={[MockFunction]}
        selectDate={[MockFunction]}
        value={2018-02-04T00:00:00.000Z}
      />
      <CalendarDay
        classes={Array []}
        colors={Object {}}
        isDisabled={false}
        isFocused={undefined}
        isFuture={false}
        isHidden={false}
        isHovered={false}
        isPast={false}
        isSelected={false}
        number={5}
        onHover={[MockFunction]}
        selectDate={[MockFunction]}
        value={2018-02-05T00:00:00.000Z}
      />
      <CalendarDay
        classes={Array []}
        colors={Object {}}
        isDisabled={false}
        isFocused={undefined}
        isFuture={false}
        isHidden={false}
        isHovered={false}
        isPast={false}
        isSelected={false}
        number={6}
        onHover={[MockFunction]}
        selectDate={[MockFunction]}
        value={2018-02-06T00:00:00.000Z}
      />
      <CalendarDay
        classes={Array []}
        colors={Object {}}
        isDisabled={false}
        isFocused={undefined}
        isFuture={false}
        isHidden={false}
        isHovered={false}
        isPast={false}
        isSelected={false}
        number={7}
        onHover={[MockFunction]}
        selectDate={[MockFunction]}
        value={2018-02-07T00:00:00.000Z}
      />
      <CalendarDay
        classes={Array []}
        colors={Object {}}
        isDisabled={false}
        isFocused={undefined}
        isFuture={false}
        isHidden={false}
        isHovered={false}
        isPast={false}
        isSelected={false}
        number={8}
        onHover={[MockFunction]}
        selectDate={[MockFunction]}
        value={2018-02-08T00:00:00.000Z}
      />
      <CalendarDay
        classes={Array []}
        colors={Object {}}
        isDisabled={false}
        isFocused={undefined}
        isFuture={false}
        isHidden={false}
        isHovered={false}
        isPast={false}
        isSelected={false}
        number={9}
        onHover={[MockFunction]}
        selectDate={[MockFunction]}
        value={2018-02-09T00:00:00.000Z}
      />
      <CalendarDay
        classes={Array []}
        colors={Object {}}
        isDisabled={false}
        isFocused={undefined}
        isFuture={false}
        isHidden={false}
        isHovered={false}
        isPast={false}
        isSelected={false}
        number={10}
        onHover={[MockFunction]}
        selectDate={[MockFunction]}
        value={2018-02-10T00:00:00.000Z}
      />
    </styled.div>
    <styled.div>
      <CalendarDay
        classes={Array []}
        colors={Object {}}
        isDisabled={false}
        isFocused={undefined}
        isFuture={false}
        isHidden={false}
        isHovered={false}
        isPast={false}
        isSelected={false}
        number={11}
        onHover={[MockFunction]}
        selectDate={[MockFunction]}
        value={2018-02-11T00:00:00.000Z}
      />
      <CalendarDay
        classes={Array []}
        colors={Object {}}
        isDisabled={false}
        isFocused={undefined}
        isFuture={false}
        isHidden={false}
        isHovered={false}
        isPast={false}
        isSelected={false}
        number={12}
        onHover={[MockFunction]}
        selectDate={[MockFunction]}
        value={2018-02-12T00:00:00.000Z}
      />
      <CalendarDay
        classes={Array []}
        colors={Object {}}
        isDisabled={false}
        isFocused={undefined}
        isFuture={false}
        isHidden={false}
        isHovered={false}
        isPast={false}
        isSelected={false}
        number={13}
        onHover={[MockFunction]}
        selectDate={[MockFunction]}
        value={2018-02-13T00:00:00.000Z}
      />
      <CalendarDay
        classes={Array []}
        colors={Object {}}
        isDisabled={false}
        isFocused={undefined}
        isFuture={false}
        isHidden={false}
        isHovered={false}
        isPast={false}
        isSelected={false}
        number={14}
        onHover={[MockFunction]}
        selectDate={[MockFunction]}
        value={2018-02-14T00:00:00.000Z}
      />
      <CalendarDay
        classes={Array []}
        colors={Object {}}
        isDisabled={false}
        isFocused={undefined}
        isFuture={false}
        isHidden={false}
        isHovered={false}
        isPast={false}
        isSelected={false}
        number={15}
        onHover={[MockFunction]}
        selectDate={[MockFunction]}
        value={2018-02-15T00:00:00.000Z}
      />
      <CalendarDay
        classes={Array []}
        colors={Object {}}
        isDisabled={false}
        isFocused={undefined}
        isFuture={false}
        isHidden={false}
        isHovered={false}
        isPast={false}
        isSelected={false}
        number={16}
        onHover={[MockFunction]}
        selectDate={[MockFunction]}
        value={2018-02-16T00:00:00.000Z}
      />
      <CalendarDay
        classes={Array []}
        colors={Object {}}
        isDisabled={false}
        isFocused={undefined}
        isFuture={false}
        isHidden={false}
        isHovered={false}
        isPast={false}
        isSelected={false}
        number={17}
        onHover={[MockFunction]}
        selectDate={[MockFunction]}
        value={2018-02-17T00:00:00.000Z}
      />
    </styled.div>
    <styled.div>
      <CalendarDay
        classes={Array []}
        colors={Object {}}
        isDisabled={false}
        isFocused={undefined}
        isFuture={false}
        isHidden={false}
        isHovered={false}
        isPast={false}
        isSelected={false}
        number={18}
        onHover={[MockFunction]}
        selectDate={[MockFunction]}
        value={2018-02-18T00:00:00.000Z}
      />
      <CalendarDay
        classes={Array []}
        colors={Object {}}
        isDisabled={false}
        isFocused={undefined}
        isFuture={false}
        isHidden={false}
        isHovered={false}
        isPast={false}
        isSelected={false}
        number={19}
        onHover={[MockFunction]}
        selectDate={[MockFunction]}
        value={2018-02-19T00:00:00.000Z}
      />
      <CalendarDay
        classes={Array []}
        colors={Object {}}
        isDisabled={false}
        isFocused={undefined}
        isFuture={false}
        isHidden={false}
        isHovered={false}
        isPast={false}
        isSelected={false}
        number={20}
        onHover={[MockFunction]}
        selectDate={[MockFunction]}
        value={2018-02-20T00:00:00.000Z}
      />
      <CalendarDay
        classes={Array []}
        colors={Object {}}
        isDisabled={false}
        isFocused={undefined}
        isFuture={false}
        isHidden={false}
        isHovered={false}
        isPast={false}
        isSelected={false}
        number={21}
        onHover={[MockFunction]}
        selectDate={[MockFunction]}
        value={2018-02-21T00:00:00.000Z}
      />
      <CalendarDay
        classes={Array []}
        colors={Object {}}
        isDisabled={false}
        isFocused={undefined}
        isFuture={false}
        isHidden={false}
        isHovered={false}
        isPast={false}
        isSelected={false}
        number={22}
        onHover={[MockFunction]}
        selectDate={[MockFunction]}
        value={2018-02-22T00:00:00.000Z}
      />
      <CalendarDay
        classes={Array []}
        colors={Object {}}
        isDisabled={false}
        isFocused={undefined}
        isFuture={false}
        isHidden={false}
        isHovered={false}
        isPast={false}
        isSelected={false}
        number={23}
        onHover={[MockFunction]}
        selectDate={[MockFunction]}
        value={2018-02-23T00:00:00.000Z}
      />
      <CalendarDay
        classes={Array []}
        colors={Object {}}
        isDisabled={false}
        isFocused={undefined}
        isFuture={false}
        isHidden={false}
        isHovered={false}
        isPast={false}
        isSelected={false}
        number={24}
        onHover={[MockFunction]}
        selectDate={[MockFunction]}
        value={2018-02-24T00:00:00.000Z}
      />
    </styled.div>
    <styled.div>
      <CalendarDay
        classes={Array []}
        colors={Object {}}
        isDisabled={false}
        isFocused={undefined}
        isFuture={false}
        isHidden={false}
        isHovered={false}
        isPast={false}
        isSelected={false}
        number={25}
        onHover={[MockFunction]}
        selectDate={[MockFunction]}
        value={2018-02-25T00:00:00.000Z}
      />
      <CalendarDay
        classes={Array []}
        colors={Object {}}
        isDisabled={false}
        isFocused={undefined}
        isFuture={false}
        isHidden={false}
        isHovered={false}
        isPast={false}
        isSelected={false}
        number={26}
        onHover={[MockFunction]}
        selectDate={[MockFunction]}
        value={2018-02-26T00:00:00.000Z}
      />
      <CalendarDay
        classes={Array []}
        colors={Object {}}
        isDisabled={false}
        isFocused={undefined}
        isFuture={false}
        isHidden={false}
        isHovered={false}
        isPast={false}
        isSelected={false}
        number={27}
        onHover={[MockFunction]}
        selectDate={[MockFunction]}
        value={2018-02-27T00:00:00.000Z}
      />
      <CalendarDay
        classes={Array []}
        colors={Object {}}
        isDisabled={false}
        isFocused={undefined}
        isFuture={false}
        isHidden={false}
        isHovered={false}
        isPast={false}
        isSelected={false}
        number={28}
        onHover={[MockFunction]}
        selectDate={[MockFunction]}
        value={2018-02-28T00:00:00.000Z}
      />
    </styled.div>
  </styled.div>
</div>
`;

exports[`#CalendarMonth should render correctly with allowedDates 1`] = `
<div
  className="undefined "
>
  <styled.div>
    <styled.div>
      <CalendarDay
        classes={Array []}
        colors={Object {}}
        isDisabled={true}
        isFocused={undefined}
        isFuture={false}
        isHidden={true}
        isHovered={false}
        isPast={false}
        isSelected={false}
        number={28}
        onHover={[MockFunction]}
        selectDate={[MockFunction]}
        value={2018-01-28T00:00:00.000Z}
      />
      <CalendarDay
        classes={Array []}
        colors={Object {}}
        isDisabled={true}
        isFocused={undefined}
        isFuture={false}
        isHidden={true}
        isHovered={false}
        isPast={false}
        isSelected={false}
        number={29}
        onHover={[MockFunction]}
        selectDate={[MockFunction]}
        value={2018-01-29T00:00:00.000Z}
      />
      <CalendarDay
        classes={Array []}
        colors={Object {}}
        isDisabled={true}
        isFocused={undefined}
        isFuture={false}
        isHidden={true}
        isHovered={false}
        isPast={false}
        isSelected={false}
        number={30}
        onHover={[MockFunction]}
        selectDate={[MockFunction]}
        value={2018-01-30T00:00:00.000Z}
      />
      <CalendarDay
        classes={Array []}
        colors={Object {}}
        isDisabled={true}
        isFocused={undefined}
        isFuture={false}
        isHidden={true}
        isHovered={false}
        isPast={false}
        isSelected={false}
        number={31}
        onHover={[MockFunction]}
        selectDate={[MockFunction]}
        value={2018-01-31T00:00:00.000Z}
      />
      <CalendarDay
        classes={Array []}
        colors={Object {}}
        isDisabled={true}
        isFocused={undefined}
        isFuture={false}
        isHidden={false}
        isHovered={false}
        isPast={false}
        isSelected={false}
        number={1}
        onHover={[MockFunction]}
        selectDate={[MockFunction]}
        value={2018-02-01T00:00:00.000Z}
      />
      <CalendarDay
        classes={Array []}
        colors={Object {}}
        isDisabled={true}
        isFocused={undefined}
        isFuture={false}
        isHidden={false}
        isHovered={false}
        isPast={false}
        isSelected={false}
        number={2}
        onHover={[MockFunction]}
        selectDate={[MockFunction]}
        value={2018-02-02T00:00:00.000Z}
      />
      <CalendarDay
        classes={Array []}
        colors={Object {}}
        isDisabled={true}
        isFocused={undefined}
        isFuture={false}
        isHidden={false}
        isHovered={false}
        isPast={false}
        isSelected={false}
        number={3}
        onHover={[MockFunction]}
        selectDate={[MockFunction]}
        value={2018-02-03T00:00:00.000Z}
      />
    </styled.div>
    <styled.div>
      <CalendarDay
        classes={Array []}
        colors={Object {}}
        isDisabled={true}
        isFocused={undefined}
        isFuture={false}
        isHidden={false}
        isHovered={false}
        isPast={false}
        isSelected={false}
        number={4}
        onHover={[MockFunction]}
        selectDate={[MockFunction]}
        value={2018-02-04T00:00:00.000Z}
      />
      <CalendarDay
        classes={Array []}
        colors={Object {}}
        isDisabled={false}
        isFocused={undefined}
        isFuture={false}
        isHidden={false}
        isHovered={false}
        isPast={false}
        isSelected={false}
        number={5}
        onHover={[MockFunction]}
        selectDate={[MockFunction]}
        value={2018-02-05T00:00:00.000Z}
      />
      <CalendarDay
        classes={Array []}
        colors={Object {}}
        isDisabled={true}
        isFocused={undefined}
        isFuture={false}
        isHidden={false}
        isHovered={false}
        isPast={false}
        isSelected={false}
        number={6}
        onHover={[MockFunction]}
        selectDate={[MockFunction]}
        value={2018-02-06T00:00:00.000Z}
      />
      <CalendarDay
        classes={Array []}
        colors={Object {}}
        isDisabled={true}
        isFocused={undefined}
        isFuture={false}
        isHidden={false}
        isHovered={false}
        isPast={false}
        isSelected={false}
        number={7}
        onHover={[MockFunction]}
        selectDate={[MockFunction]}
        value={2018-02-07T00:00:00.000Z}
      />
      <CalendarDay
        classes={Array []}
        colors={Object {}}
        isDisabled={true}
        isFocused={undefined}
        isFuture={false}
        isHidden={false}
        isHovered={false}
        isPast={false}
        isSelected={false}
        number={8}
        onHover={[MockFunction]}
        selectDate={[MockFunction]}
        value={2018-02-08T00:00:00.000Z}
      />
      <CalendarDay
        classes={Array []}
        colors={Object {}}
        isDisabled={true}
        isFocused={undefined}
        isFuture={false}
        isHidden={false}
        isHovered={false}
        isPast={false}
        isSelected={false}
        number={9}
        onHover={[MockFunction]}
        selectDate={[MockFunction]}
        value={2018-02-09T00:00:00.000Z}
      />
      <CalendarDay
        classes={Array []}
        colors={Object {}}
        isDisabled={true}
        isFocused={undefined}
        isFuture={false}
        isHidden={false}
        isHovered={false}
        isPast={false}
        isSelected={false}
        number={10}
        onHover={[MockFunction]}
        selectDate={[MockFunction]}
        value={2018-02-10T00:00:00.000Z}
      />
    </styled.div>
    <styled.div>
      <CalendarDay
        classes={Array []}
        colors={Object {}}
        isDisabled={true}
        isFocused={undefined}
        isFuture={false}
        isHidden={false}
        isHovered={false}
        isPast={false}
        isSelected={false}
        number={11}
        onHover={[MockFunction]}
        selectDate={[MockFunction]}
        value={2018-02-11T00:00:00.000Z}
      />
      <CalendarDay
        classes={Array []}
        colors={Object {}}
        isDisabled={true}
        isFocused={undefined}
        isFuture={false}
        isHidden={false}
        isHovered={false}
        isPast={false}
        isSelected={false}
        number={12}
        onHover={[MockFunction]}
        selectDate={[MockFunction]}
        value={2018-02-12T00:00:00.000Z}
      />
      <CalendarDay
        classes={Array []}
        colors={Object {}}
        isDisabled={true}
        isFocused={undefined}
        isFuture={false}
        isHidden={false}
        isHovered={false}
        isPast={false}
        isSelected={false}
        number={13}
        onHover={[MockFunction]}
        selectDate={[MockFunction]}
        value={2018-02-13T00:00:00.000Z}
      />
      <CalendarDay
        classes={Array []}
        colors={Object {}}
        isDisabled={true}
        isFocused={undefined}
        isFuture={false}
        isHidden={false}
        isHovered={false}
        isPast={false}
        isSelected={false}
        number={14}
        onHover={[MockFunction]}
        selectDate={[MockFunction]}
        value={2018-02-14T00:00:00.000Z}
      />
      <CalendarDay
        classes={Array []}
        colors={Object {}}
        isDisabled={true}
        isFocused={undefined}
        isFuture={false}
        isHidden={false}
        isHovered={false}
        isPast={false}
        isSelected={false}
        number={15}
        onHover={[MockFunction]}
        selectDate={[MockFunction]}
        value={2018-02-15T00:00:00.000Z}
      />
      <CalendarDay
        classes={Array []}
        colors={Object {}}
        isDisabled={true}
        isFocused={undefined}
        isFuture={false}
        isHidden={false}
        isHovered={false}
        isPast={false}
        isSelected={false}
        number={16}
        onHover={[MockFunction]}
        selectDate={[MockFunction]}
        value={2018-02-16T00:00:00.000Z}
      />
      <CalendarDay
        classes={Array []}
        colors={Object {}}
        isDisabled={true}
        isFocused={undefined}
        isFuture={false}
        isHidden={false}
        isHovered={false}
        isPast={false}
        isSelected={false}
        number={17}
        onHover={[MockFunction]}
        selectDate={[MockFunction]}
        value={2018-02-17T00:00:00.000Z}
      />
    </styled.div>
    <styled.div>
      <CalendarDay
        classes={Array []}
        colors={Object {}}
        isDisabled={true}
        isFocused={undefined}
        isFuture={false}
        isHidden={false}
        isHovered={false}
        isPast={false}
        isSelected={false}
        number={18}
        onHover={[MockFunction]}
        selectDate={[MockFunction]}
        value={2018-02-18T00:00:00.000Z}
      />
      <CalendarDay
        classes={Array []}
        colors={Object {}}
        isDisabled={true}
        isFocused={undefined}
        isFuture={false}
        isHidden={false}
        isHovered={false}
        isPast={false}
        isSelected={false}
        number={19}
        onHover={[MockFunction]}
        selectDate={[MockFunction]}
        value={2018-02-19T00:00:00.000Z}
      />
      <CalendarDay
        classes={Array []}
        colors={Object {}}
        isDisabled={true}
        isFocused={undefined}
        isFuture={false}
        isHidden={false}
        isHovered={false}
        isPast={false}
        isSelected={false}
        number={20}
        onHover={[MockFunction]}
        selectDate={[MockFunction]}
        value={2018-02-20T00:00:00.000Z}
      />
      <CalendarDay
        classes={Array []}
        colors={Object {}}
        isDisabled={true}
        isFocused={undefined}
        isFuture={false}
        isHidden={false}
        isHovered={false}
        isPast={false}
        isSelected={false}
        number={21}
        onHover={[MockFunction]}
        selectDate={[MockFunction]}
        value={2018-02-21T00:00:00.000Z}
      />
      <CalendarDay
        classes={Array []}
        colors={Object {}}
        isDisabled={true}
        isFocused={undefined}
        isFuture={false}
        isHidden={false}
        isHovered={false}
        isPast={false}
        isSelected={false}
        number={22}
        onHover={[MockFunction]}
        selectDate={[MockFunction]}
        value={2018-02-22T00:00:00.000Z}
      />
      <CalendarDay
        classes={Array []}
        colors={Object {}}
        isDisabled={true}
        isFocused={undefined}
        isFuture={false}
        isHidden={false}
        isHovered={false}
        isPast={false}
        isSelected={false}
        number={23}
        onHover={[MockFunction]}
        selectDate={[MockFunction]}
        value={2018-02-23T00:00:00.000Z}
      />
      <CalendarDay
        classes={Array []}
        colors={Object {}}
        isDisabled={true}
        isFocused={undefined}
        isFuture={false}
        isHidden={false}
        isHovered={false}
        isPast={false}
        isSelected={false}
        number={24}
        onHover={[MockFunction]}
        selectDate={[MockFunction]}
        value={2018-02-24T00:00:00.000Z}
      />
    </styled.div>
    <styled.div>
      <CalendarDay
        classes={Array []}
        colors={Object {}}
        isDisabled={true}
        isFocused={undefined}
        isFuture={false}
        isHidden={false}
        isHovered={false}
        isPast={false}
        isSelected={false}
        number={25}
        onHover={[MockFunction]}
        selectDate={[MockFunction]}
        value={2018-02-25T00:00:00.000Z}
      />
      <CalendarDay
        classes={Array []}
        colors={Object {}}
        isDisabled={true}
        isFocused={undefined}
        isFuture={false}
        isHidden={false}
        isHovered={false}
        isPast={false}
        isSelected={false}
        number={26}
        onHover={[MockFunction]}
        selectDate={[MockFunction]}
        value={2018-02-26T00:00:00.000Z}
      />
      <CalendarDay
        classes={Array []}
        colors={Object {}}
        isDisabled={true}
        isFocused={undefined}
        isFuture={false}
        isHidden={false}
        isHovered={false}
        isPast={false}
        isSelected={false}
        number={27}
        onHover={[MockFunction]}
        selectDate={[MockFunction]}
        value={2018-02-27T00:00:00.000Z}
      />
      <CalendarDay
        classes={Array []}
        colors={Object {}}
        isDisabled={true}
        isFocused={undefined}
        isFuture={false}
        isHidden={false}
        isHovered={false}
        isPast={false}
        isSelected={false}
        number={28}
        onHover={[MockFunction]}
        selectDate={[MockFunction]}
        value={2018-02-28T00:00:00.000Z}
      />
    </styled.div>
  </styled.div>
</div>
`;

exports[`#CalendarMonth should render correctly with classes 1`] = `
<div
  className="monthClass class"
>
  <styled.div>
    <styled.div>
      <CalendarDay
        classes={Array []}
        colors={Object {}}
        isDisabled={false}
        isFocused={undefined}
        isFuture={false}
        isHidden={true}
        isHovered={false}
        isPast={false}
        isSelected={false}
        number={28}
        onHover={[MockFunction]}
        selectDate={[MockFunction]}
        value={2018-01-28T00:00:00.000Z}
      />
      <CalendarDay
        classes={Array []}
        colors={Object {}}
        isDisabled={false}
        isFocused={undefined}
        isFuture={false}
        isHidden={true}
        isHovered={false}
        isPast={false}
        isSelected={false}
        number={29}
        onHover={[MockFunction]}
        selectDate={[MockFunction]}
        value={2018-01-29T00:00:00.000Z}
      />
      <CalendarDay
        classes={Array []}
        colors={Object {}}
        isDisabled={false}
        isFocused={undefined}
        isFuture={false}
        isHidden={true}
        isHovered={false}
        isPast={false}
        isSelected={false}
        number={30}
        onHover={[MockFunction]}
        selectDate={[MockFunction]}
        value={2018-01-30T00:00:00.000Z}
      />
      <CalendarDay
        classes={Array []}
        colors={Object {}}
        isDisabled={false}
        isFocused={undefined}
        isFuture={false}
        isHidden={true}
        isHovered={false}
        isPast={false}
        isSelected={false}
        number={31}
        onHover={[MockFunction]}
        selectDate={[MockFunction]}
        value={2018-01-31T00:00:00.000Z}
      />
      <CalendarDay
        classes={Array []}
        colors={Object {}}
        isDisabled={false}
        isFocused={undefined}
        isFuture={false}
        isHidden={false}
        isHovered={false}
        isPast={false}
        isSelected={false}
        number={1}
        onHover={[MockFunction]}
        selectDate={[MockFunction]}
        value={2018-02-01T00:00:00.000Z}
      />
      <CalendarDay
        classes={Array []}
        colors={Object {}}
        isDisabled={false}
        isFocused={undefined}
        isFuture={false}
        isHidden={false}
        isHovered={false}
        isPast={false}
        isSelected={false}
        number={2}
        onHover={[MockFunction]}
        selectDate={[MockFunction]}
        value={2018-02-02T00:00:00.000Z}
      />
      <CalendarDay
        classes={Array []}
        colors={Object {}}
        isDisabled={false}
        isFocused={undefined}
        isFuture={false}
        isHidden={false}
        isHovered={false}
        isPast={false}
        isSelected={false}
        number={3}
        onHover={[MockFunction]}
        selectDate={[MockFunction]}
        value={2018-02-03T00:00:00.000Z}
      />
    </styled.div>
    <styled.div>
      <CalendarDay
        classes={Array []}
        colors={Object {}}
        isDisabled={false}
        isFocused={undefined}
        isFuture={false}
        isHidden={false}
        isHovered={false}
        isPast={false}
        isSelected={false}
        number={4}
        onHover={[MockFunction]}
        selectDate={[MockFunction]}
        value={2018-02-04T00:00:00.000Z}
      />
      <CalendarDay
        classes={Array []}
        colors={Object {}}
        isDisabled={false}
        isFocused={undefined}
        isFuture={false}
        isHidden={false}
        isHovered={false}
        isPast={false}
        isSelected={false}
        number={5}
        onHover={[MockFunction]}
        selectDate={[MockFunction]}
        value={2018-02-05T00:00:00.000Z}
      />
      <CalendarDay
        classes={Array []}
        colors={Object {}}
        isDisabled={false}
        isFocused={undefined}
        isFuture={false}
        isHidden={false}
        isHovered={false}
        isPast={false}
        isSelected={false}
        number={6}
        onHover={[MockFunction]}
        selectDate={[MockFunction]}
        value={2018-02-06T00:00:00.000Z}
      />
      <CalendarDay
        classes={Array []}
        colors={Object {}}
        isDisabled={false}
        isFocused={undefined}
        isFuture={false}
        isHidden={false}
        isHovered={false}
        isPast={false}
        isSelected={false}
        number={7}
        onHover={[MockFunction]}
        selectDate={[MockFunction]}
        value={2018-02-07T00:00:00.000Z}
      />
      <CalendarDay
        classes={Array []}
        colors={Object {}}
        isDisabled={false}
        isFocused={undefined}
        isFuture={false}
        isHidden={false}
        isHovered={false}
        isPast={false}
        isSelected={false}
        number={8}
        onHover={[MockFunction]}
        selectDate={[MockFunction]}
        value={2018-02-08T00:00:00.000Z}
      />
      <CalendarDay
        classes={Array []}
        colors={Object {}}
        isDisabled={false}
        isFocused={undefined}
        isFuture={false}
        isHidden={false}
        isHovered={false}
        isPast={false}
        isSelected={false}
        number={9}
        onHover={[MockFunction]}
        selectDate={[MockFunction]}
        value={2018-02-09T00:00:00.000Z}
      />
      <CalendarDay
        classes={Array []}
        colors={Object {}}
        isDisabled={false}
        isFocused={undefined}
        isFuture={false}
        isHidden={false}
        isHovered={false}
        isPast={false}
        isSelected={false}
        number={10}
        onHover={[MockFunction]}
        selectDate={[MockFunction]}
        value={2018-02-10T00:00:00.000Z}
      />
    </styled.div>
    <styled.div>
      <CalendarDay
        classes={Array []}
        colors={Object {}}
        isDisabled={false}
        isFocused={undefined}
        isFuture={false}
        isHidden={false}
        isHovered={false}
        isPast={false}
        isSelected={false}
        number={11}
        onHover={[MockFunction]}
        selectDate={[MockFunction]}
        value={2018-02-11T00:00:00.000Z}
      />
      <CalendarDay
        classes={Array []}
        colors={Object {}}
        isDisabled={false}
        isFocused={undefined}
        isFuture={false}
        isHidden={false}
        isHovered={false}
        isPast={false}
        isSelected={false}
        number={12}
        onHover={[MockFunction]}
        selectDate={[MockFunction]}
        value={2018-02-12T00:00:00.000Z}
      />
      <CalendarDay
        classes={Array []}
        colors={Object {}}
        isDisabled={false}
        isFocused={undefined}
        isFuture={false}
        isHidden={false}
        isHovered={false}
        isPast={false}
        isSelected={false}
        number={13}
        onHover={[MockFunction]}
        selectDate={[MockFunction]}
        value={2018-02-13T00:00:00.000Z}
      />
      <CalendarDay
        classes={Array []}
        colors={Object {}}
        isDisabled={false}
        isFocused={undefined}
        isFuture={false}
        isHidden={false}
        isHovered={false}
        isPast={false}
        isSelected={false}
        number={14}
        onHover={[MockFunction]}
        selectDate={[MockFunction]}
        value={2018-02-14T00:00:00.000Z}
      />
      <CalendarDay
        classes={Array []}
        colors={Object {}}
        isDisabled={false}
        isFocused={undefined}
        isFuture={false}
        isHidden={false}
        isHovered={false}
        isPast={false}
        isSelected={false}
        number={15}
        onHover={[MockFunction]}
        selectDate={[MockFunction]}
        value={2018-02-15T00:00:00.000Z}
      />
      <CalendarDay
        classes={Array []}
        colors={Object {}}
        isDisabled={false}
        isFocused={undefined}
        isFuture={false}
        isHidden={false}
        isHovered={false}
        isPast={false}
        isSelected={false}
        number={16}
        onHover={[MockFunction]}
        selectDate={[MockFunction]}
        value={2018-02-16T00:00:00.000Z}
      />
      <CalendarDay
        classes={Array []}
        colors={Object {}}
        isDisabled={false}
        isFocused={undefined}
        isFuture={false}
        isHidden={false}
        isHovered={false}
        isPast={false}
        isSelected={false}
        number={17}
        onHover={[MockFunction]}
        selectDate={[MockFunction]}
        value={2018-02-17T00:00:00.000Z}
      />
    </styled.div>
    <styled.div>
      <CalendarDay
        classes={Array []}
        colors={Object {}}
        isDisabled={false}
        isFocused={undefined}
        isFuture={false}
        isHidden={false}
        isHovered={false}
        isPast={false}
        isSelected={false}
        number={18}
        onHover={[MockFunction]}
        selectDate={[MockFunction]}
        value={2018-02-18T00:00:00.000Z}
      />
      <CalendarDay
        classes={Array []}
        colors={Object {}}
        isDisabled={false}
        isFocused={undefined}
        isFuture={false}
        isHidden={false}
        isHovered={false}
        isPast={false}
        isSelected={false}
        number={19}
        onHover={[MockFunction]}
        selectDate={[MockFunction]}
        value={2018-02-19T00:00:00.000Z}
      />
      <CalendarDay
        classes={Array []}
        colors={Object {}}
        isDisabled={false}
        isFocused={undefined}
        isFuture={false}
        isHidden={false}
        isHovered={false}
        isPast={false}
        isSelected={false}
        number={20}
        onHover={[MockFunction]}
        selectDate={[MockFunction]}
        value={2018-02-20T00:00:00.000Z}
      />
      <CalendarDay
        classes={Array []}
        colors={Object {}}
        isDisabled={false}
        isFocused={undefined}
        isFuture={false}
        isHidden={false}
        isHovered={false}
        isPast={false}
        isSelected={false}
        number={21}
        onHover={[MockFunction]}
        selectDate={[MockFunction]}
        value={2018-02-21T00:00:00.000Z}
      />
      <CalendarDay
        classes={Array []}
        colors={Object {}}
        isDisabled={false}
        isFocused={undefined}
        isFuture={false}
        isHidden={false}
        isHovered={false}
        isPast={false}
        isSelected={false}
        number={22}
        onHover={[MockFunction]}
        selectDate={[MockFunction]}
        value={2018-02-22T00:00:00.000Z}
      />
      <CalendarDay
        classes={Array []}
        colors={Object {}}
        isDisabled={false}
        isFocused={undefined}
        isFuture={false}
        isHidden={false}
        isHovered={false}
        isPast={false}
        isSelected={false}
        number={23}
        onHover={[MockFunction]}
        selectDate={[MockFunction]}
        value={2018-02-23T00:00:00.000Z}
      />
      <CalendarDay
        classes={Array []}
        colors={Object {}}
        isDisabled={false}
        isFocused={undefined}
        isFuture={false}
        isHidden={false}
        isHovered={false}
        isPast={false}
        isSelected={false}
        number={24}
        onHover={[MockFunction]}
        selectDate={[MockFunction]}
        value={2018-02-24T00:00:00.000Z}
      />
    </styled.div>
    <styled.div>
      <CalendarDay
        classes={Array []}
        colors={Object {}}
        isDisabled={false}
        isFocused={undefined}
        isFuture={false}
        isHidden={false}
        isHovered={false}
        isPast={false}
        isSelected={false}
        number={25}
        onHover={[MockFunction]}
        selectDate={[MockFunction]}
        value={2018-02-25T00:00:00.000Z}
      />
      <CalendarDay
        classes={Array []}
        colors={Object {}}
        isDisabled={false}
        isFocused={undefined}
        isFuture={false}
        isHidden={false}
        isHovered={false}
        isPast={false}
        isSelected={false}
        number={26}
        onHover={[MockFunction]}
        selectDate={[MockFunction]}
        value={2018-02-26T00:00:00.000Z}
      />
      <CalendarDay
        classes={Array []}
        colors={Object {}}
        isDisabled={false}
        isFocused={undefined}
        isFuture={false}
        isHidden={false}
        isHovered={false}
        isPast={false}
        isSelected={false}
        number={27}
        onHover={[MockFunction]}
        selectDate={[MockFunction]}
        value={2018-02-27T00:00:00.000Z}
      />
      <CalendarDay
        classes={Array []}
        colors={Object {}}
        isDisabled={false}
        isFocused={undefined}
        isFuture={false}
        isHidden={false}
        isHovered={false}
        isPast={false}
        isSelected={false}
        number={28}
        onHover={[MockFunction]}
        selectDate={[MockFunction]}
        value={2018-02-28T00:00:00.000Z}
      />
    </styled.div>
  </styled.div>
</div>
`;
